---
source: src/vocab/requirement.rs
expression: r

---
UserRequirement(
    Requirement {
        name: PackageName {
            as_given: "twisted",
            normalized: "twisted",
        },
        extras: [
            Extra(
                PackageName {
                    as_given: "tls",
                    normalized: "tls",
                },
            ),
        ],
        specifiers: Specifiers(
            [
                Specifier {
                    op: GreaterThanEqual,
                    value: "20",
                },
                Specifier {
                    op: NotEqual,
                    value: "20.1.*",
                },
            ],
        ),
        env_marker: Some(
            Operator {
                op: Compare(
                    GreaterThanEqual,
                ),
                lhs: Variable(
                    "python_version",
                ),
                rhs: Literal(
                    "3",
                ),
            },
        ),
    },
)
